server ready after 186s; arm=both tasks=50 concurrency=8
django__django-11066 arm=harness wall=103s model=61s tool=16s steps=24 hits=1 misses=1 saved=1s tokens={'prompt': 160137, 'completion': 4575} patch_chars=5683 err=
django__django-10914 arm=off wall=138s model=81s tool=29s steps=31 hits=0 misses=0 saved=0s tokens={'prompt': 296408, 'completion': 5998} patch_chars=15988 err=
django__django-10999 arm=off wall=138s model=91s tool=14s steps=27 hits=0 misses=0 saved=0s tokens={'prompt': 271884, 'completion': 6976} patch_chars=497 err=
django__django-10097 arm=off wall=143s model=74s tool=37s steps=40 hits=0 misses=0 saved=0s tokens={'prompt': 290101, 'completion': 5414} patch_chars=58485 err=
django__django-10880 arm=harness wall=180s model=130s tool=18s steps=40 hits=4 misses=1 saved=2s tokens={'prompt': 451246, 'completion': 10225} patch_chars=11542 err=
django__django-11066 arm=off wall=83s model=55s tool=9s steps=22 hits=0 misses=0 saved=0s tokens={'prompt': 183416, 'completion': 4367} patch_chars=6498 err=
django__django-10999 arm=harness wall=118s model=71s tool=13s steps=26 hits=3 misses=1 saved=2s tokens={'prompt': 243946, 'completion': 5500} patch_chars=497 err=
django__django-11099 arm=off wall=90s model=67s tool=7s steps=24 hits=0 misses=0 saved=0s tokens={'prompt': 148486, 'completion': 5363} patch_chars=11165 err=
django__django-10914 arm=harness wall=142s model=95s tool=16s steps=40 hits=4 misses=0 saved=2s tokens={'prompt': 384332, 'completion': 7487} patch_chars=625 err=
django__django-10097 arm=harness wall=145s model=95s tool=22s steps=40 hits=0 misses=0 saved=0s tokens={'prompt': 298573, 'completion': 7630} patch_chars=20097 err=
django__django-10880 arm=off wall=167s model=111s tool=21s steps=35 hits=0 misses=0 saved=0s tokens={'prompt': 408066, 'completion': 9366} patch_chars=21673 err=
django__django-11119 arm=harness wall=114s model=71s tool=14s steps=26 hits=3 misses=1 saved=1s tokens={'prompt': 297306, 'completion': 6233} patch_chars=8786 err=
django__django-11099 arm=harness wall=95s model=53s tool=18s steps=27 hits=4 misses=1 saved=2s tokens={'prompt': 128599, 'completion': 4729} patch_chars=901 err=
django__django-11133 arm=off wall=129s model=80s tool=19s steps=40 hits=0 misses=0 saved=0s tokens={'prompt': 402578, 'completion': 6759} patch_chars=12156 err=
django__django-11141 arm=harness wall=125s model=83s tool=10s steps=28 hits=5 misses=1 saved=2s tokens={'prompt': 243996, 'completion': 7331} patch_chars=777 err=
django__django-10973 arm=harness wall=470s model=409s tool=23s steps=33 hits=4 misses=1 saved=2s tokens={'prompt': 278314, 'completion': 7582} patch_chars=2497 err=
django__django-11149 arm=off wall=142s model=98s tool=16s steps=38 hits=0 misses=0 saved=0s tokens={'prompt': 513997, 'completion': 8136} patch_chars=14791 err=
django__django-11119 arm=off wall=168s model=120s tool=17s steps=40 hits=0 misses=0 saved=0s tokens={'prompt': 640760, 'completion': 9640} patch_chars=16152 err=
django__django-11141 arm=off wall=142s model=87s tool=19s steps=31 hits=0 misses=0 saved=0s tokens={'prompt': 282343, 'completion': 6942} patch_chars=747 err=
django__django-11133 arm=harness wall=155s model=73s tool=29s steps=40 hits=5 misses=0 saved=3s tokens={'prompt': 378378, 'completion': 5548} patch_chars=7654 err=
django__django-11149 arm=harness wall=131s model=96s tool=11s steps=30 hits=3 misses=2 saved=2s tokens={'prompt': 314578, 'completion': 7645} patch_chars=14596 err=
django__django-11163 arm=harness wall=308s model=268s tool=17s steps=22 hits=1 misses=4 saved=1s tokens={'prompt': 403472, 'completion': 22458} patch_chars=95581 err=
django__django-10973 arm=off wall=235s model=121s tool=43s steps=36 hits=0 misses=0 saved=0s tokens={'prompt': 256268, 'completion': 9097} patch_chars=18495 err=
django__django-11206 arm=harness wall=151s model=93s tool=18s steps=32 hits=5 misses=0 saved=3s tokens={'prompt': 224653, 'completion': 6866} patch_chars=9817 err=
django__django-11239 arm=harness wall=135s model=96s tool=12s steps=34 hits=4 misses=1 saved=2s tokens={'prompt': 389598, 'completion': 6934} patch_chars=1009 err=
django__django-11211 arm=off wall=223s model=172s tool=22s steps=40 hits=0 misses=0 saved=0s tokens={'prompt': 615093, 'completion': 12974} patch_chars=15065 err=
django__django-11206 arm=off wall=85s model=59s tool=8s steps=20 hits=0 misses=0 saved=0s tokens={'prompt': 91766, 'completion': 4311} patch_chars=6019 err=
django__django-11265 arm=off wall=119s model=73s tool=23s steps=40 hits=0 misses=0 saved=0s tokens={'prompt': 431829, 'completion': 5020} patch_chars=8026 err=
django__django-11163 arm=off wall=154s model=99s tool=27s steps=28 hits=0 misses=0 saved=0s tokens={'prompt': 269700, 'completion': 7148} patch_chars=15058 err=
django__django-11239 arm=off wall=147s model=99s tool=18s steps=32 hits=0 misses=0 saved=0s tokens={'prompt': 317864, 'completion': 7258} patch_chars=17766 err=
django__django-11276 arm=harness wall=126s model=64s tool=27s steps=31 hits=4 misses=1 saved=2s tokens={'prompt': 218941, 'completion': 4418} patch_chars=4480 err=
django__django-11211 arm=harness wall=151s model=93s tool=27s steps=40 hits=3 misses=0 saved=2s tokens={'prompt': 627739, 'completion': 6339} patch_chars=11210 err=
psf__requests-1142 arm=off wall=128s model=102s tool=12s steps=40 hits=0 misses=0 saved=0s tokens={'prompt': 590780, 'completion': 7119} patch_chars=200000 err=
django__django-11265 arm=harness wall=152s model=87s tool=23s steps=40 hits=3 misses=3 saved=2s tokens={'prompt': 586319, 'completion': 5795} patch_chars=8404 err=
psf__requests-1766 arm=off wall=71s model=39s tool=19s steps=22 hits=0 misses=0 saved=0s tokens={'prompt': 128218, 'completion': 2808} patch_chars=451 err=
django__django-11179 arm=off wall=475s model=408s tool=26s steps=39 hits=0 misses=0 saved=0s tokens={'prompt': 1332762, 'completion': 31730} patch_chars=1574 err=
django__django-11276 arm=off wall=112s model=69s tool=15s steps=40 hits=0 misses=0 saved=0s tokens={'prompt': 362330, 'completion': 4869} patch_chars=1518 err=
psf__requests-1724 arm=harness wall=128s model=55s tool=55s steps=31 hits=3 misses=1 saved=2s tokens={'prompt': 250170, 'completion': 3631} patch_chars=4685 err=
django__django-11087 arm=off wall=1037s model=1009s tool=10s steps=29 hits=0 misses=0 saved=0s tokens={'prompt': 344992, 'completion': 8208} patch_chars=4547 err=
psf__requests-1142 arm=harness wall=134s model=89s tool=17s steps=40 hits=6 misses=2 saved=3s tokens={'prompt': 582832, 'completion': 6750} patch_chars=200000 err=
psf__requests-1766 arm=harness wall=107s model=57s tool=28s steps=31 hits=4 misses=0 saved=2s tokens={'prompt': 214529, 'completion': 4358} patch_chars=4893 err=
pydata__xarray-2905 arm=harness wall=150s model=84s tool=41s steps=40 hits=6 misses=1 saved=3s tokens={'prompt': 524601, 'completion': 6359} patch_chars=11560 err=
django__django-11095 arm=harness wall=1153s model=1099s tool=15s steps=40 hits=6 misses=1 saved=3s tokens={'prompt': 570599, 'completion': 15926} patch_chars=33896 err=
psf__requests-1724 arm=off wall=124s model=53s tool=52s steps=23 hits=0 misses=0 saved=0s tokens={'prompt': 287983, 'completion': 3869} patch_chars=615 err=
pydata__xarray-3151 arm=harness wall=78s model=47s tool=16s steps=23 hits=4 misses=1 saved=2s tokens={'prompt': 214608, 'completion': 3622} patch_chars=671 err=
pydata__xarray-3095 arm=off wall=157s model=107s tool=30s steps=40 hits=0 misses=0 saved=0s tokens={'prompt': 497712, 'completion': 8351} patch_chars=10617 err=
django__django-11087 arm=harness wall=179s model=115s tool=31s steps=38 hits=0 misses=5 saved=0s tokens={'prompt': 445995, 'completion': 8887} patch_chars=5962 err=
pydata__xarray-3677 arm=harness wall=95s model=48s tool=27s steps=31 hits=4 misses=0 saved=2s tokens={'prompt': 278813, 'completion': 3360} patch_chars=644 err=
pydata__xarray-3305 arm=off wall=146s model=88s tool=31s steps=40 hits=0 misses=0 saved=0s tokens={'prompt': 359679, 'completion': 6425} patch_chars=4663 err=
pydata__xarray-2905 arm=off wall=160s model=94s tool=46s steps=40 hits=0 misses=0 saved=0s tokens={'prompt': 392737, 'completion': 6789} patch_chars=9063 err=
pydata__xarray-3095 arm=harness wall=142s model=87s tool=25s steps=40 hits=5 misses=1 saved=3s tokens={'prompt': 408793, 'completion': 6180} patch_chars=9336 err=
pydata__xarray-3151 arm=off wall=157s model=111s tool=28s steps=34 hits=0 misses=0 saved=0s tokens={'prompt': 443428, 'completion': 8075} patch_chars=9905 err=
pylint-dev__pylint-4604 arm=off wall=138s model=109s tool=16s steps=40 hits=0 misses=0 saved=0s tokens={'prompt': 581985, 'completion': 7866} patch_chars=5286 err=
django__django-11095 arm=off wall=208s model=150s tool=22s steps=37 hits=0 misses=0 saved=0s tokens={'prompt': 393657, 'completion': 11264} patch_chars=20331 err=
pydata__xarray-3677 arm=off wall=125s model=63s tool=39s steps=36 hits=0 misses=0 saved=0s tokens={'prompt': 359794, 'completion': 4212} patch_chars=615 err=
pydata__xarray-3305 arm=harness wall=141s model=82s tool=38s steps=40 hits=0 misses=2 saved=0s tokens={'prompt': 383450, 'completion': 5550} patch_chars=994 err=
pylint-dev__pylint-4661 arm=harness wall=134s model=91s tool=17s steps=35 hits=4 misses=2 saved=3s tokens={'prompt': 397154, 'completion': 6579} patch_chars=2214 err=
django__django-11179 arm=harness wall=426s model=390s tool=14s steps=25 hits=3 misses=1 saved=2s tokens={'prompt': 188560, 'completion': 4383} patch_chars=7123 err=
pylint-dev__pylint-4604 arm=harness wall=147s model=68s tool=36s steps=40 hits=3 misses=1 saved=2s tokens={'prompt': 500001, 'completion': 4736} patch_chars=5196 err=
pytest-dev__pytest-5809 arm=harness wall=62s model=32s tool=14s steps=18 hits=1 misses=1 saved=1s tokens={'prompt': 95476, 'completion': 2309} patch_chars=977 err=
pylint-dev__pylint-4970 arm=off wall=191s model=145s tool=24s steps=40 hits=0 misses=0 saved=0s tokens={'prompt': 696742, 'completion': 11035} patch_chars=16895 err=
pytest-dev__pytest-5262 arm=harness wall=159s model=98s tool=28s steps=37 hits=7 misses=4 saved=4s tokens={'prompt': 458117, 'completion': 7342} patch_chars=1066 err=
pylint-dev__pylint-4661 arm=off wall=124s model=82s tool=23s steps=32 hits=0 misses=0 saved=0s tokens={'prompt': 242079, 'completion': 6325} patch_chars=1640 err=
pytest-dev__pytest-5809 arm=off wall=55s model=31s tool=13s steps=17 hits=0 misses=0 saved=0s tokens={'prompt': 91369, 'completion': 2424} patch_chars=1057 err=
pytest-dev__pytest-5631 arm=off wall=171s model=134s tool=15s steps=36 hits=0 misses=0 saved=0s tokens={'prompt': 443596, 'completion': 10485} patch_chars=16334 err=
sphinx-doc__sphinx-10323 arm=off wall=121s model=80s tool=21s steps=27 hits=0 misses=0 saved=0s tokens={'prompt': 391835, 'completion': 6068} patch_chars=940 err=
pylint-dev__pylint-4970 arm=harness wall=148s model=108s tool=18s steps=40 hits=5 misses=1 saved=3s tokens={'prompt': 669006, 'completion': 7998} patch_chars=16368 err=
pytest-dev__pytest-5631 arm=harness wall=99s model=57s tool=17s steps=27 hits=5 misses=0 saved=3s tokens={'prompt': 213035, 'completion': 3996} patch_chars=1124 err=
pytest-dev__pytest-5262 arm=off wall=155s model=114s tool=20s steps=33 hits=0 misses=0 saved=0s tokens={'prompt': 405871, 'completion': 8526} patch_chars=652 err=
sphinx-doc__sphinx-10466 arm=harness wall=75s model=41s tool=15s steps=18 hits=4 misses=0 saved=3s tokens={'prompt': 190305, 'completion': 2793} patch_chars=679 err=
sphinx-doc__sphinx-10435 arm=harness wall=231s model=189s tool=18s steps=40 hits=4 misses=1 saved=2s tokens={'prompt': 679541, 'completion': 13816} patch_chars=10327 err=
sympy__sympy-12096 arm=harness wall=100s model=70s tool=12s steps=29 hits=4 misses=1 saved=2s tokens={'prompt': 180834, 'completion': 4857} patch_chars=6430 err=
sympy__sympy-11618 arm=off wall=132s model=96s tool=17s steps=36 hits=0 misses=0 saved=0s tokens={'prompt': 380513, 'completion': 6610} patch_chars=1130 err=
sphinx-doc__sphinx-10449 arm=off wall=260s model=180s tool=47s steps=40 hits=0 misses=0 saved=0s tokens={'prompt': 737161, 'completion': 13016} patch_chars=18197 err=
sphinx-doc__sphinx-10466 arm=off wall=74s model=47s tool=16s steps=18 hits=0 misses=0 saved=0s tokens={'prompt': 144519, 'completion': 3354} patch_chars=881 err=
sphinx-doc__sphinx-10323 arm=harness wall=208s model=162s tool=18s steps=40 hits=9 misses=3 saved=5s tokens={'prompt': 720692, 'completion': 11650} patch_chars=27443 err=
sphinx-doc__sphinx-10449 arm=harness wall=44s model=32s tool=5s steps=12 hits=1 misses=0 saved=1s tokens={'prompt': 89444, 'completion': 2677} patch_chars=5615 err=
sympy__sympy-11618 arm=harness wall=84s model=58s tool=12s steps=27 hits=2 misses=0 saved=1s tokens={'prompt': 233063, 'completion': 4546} patch_chars=1884 err=
sympy__sympy-12096 arm=off wall=144s model=65s tool=61s steps=30 hits=0 misses=0 saved=0s tokens={'prompt': 298419, 'completion': 4703} patch_chars=3283 err=
sympy__sympy-12481 arm=harness wall=108s model=81s tool=10s steps=26 hits=5 misses=0 saved=3s tokens={'prompt': 307071, 'completion': 6258} patch_chars=10862 err=
sphinx-doc__sphinx-10435 arm=off wall=165s model=115s tool=31s steps=35 hits=0 misses=0 saved=0s tokens={'prompt': 564123, 'completion': 8629} patch_chars=1185 err=
sympy__sympy-13031 arm=off wall=116s model=90s tool=13s steps=37 hits=0 misses=0 saved=0s tokens={'prompt': 367638, 'completion': 6823} patch_chars=7219 err=
sympy__sympy-13372 arm=off wall=57s model=34s tool=10s steps=20 hits=0 misses=0 saved=0s tokens={'prompt': 95787, 'completion': 2498} patch_chars=3773 err=
sympy__sympy-12419 arm=off wall=194s model=143s tool=25s steps=40 hits=0 misses=0 saved=0s tokens={'prompt': 537063, 'completion': 11128} patch_chars=19189 err=
sympy__sympy-13480 arm=harness wall=70s model=39s tool=10s steps=17 hits=4 misses=0 saved=2s tokens={'prompt': 75306, 'completion': 2966} patch_chars=4864 err=
sympy__sympy-13091 arm=harness wall=125s model=77s tool=22s steps=30 hits=3 misses=1 saved=2s tokens={'prompt': 212723, 'completion': 5747} patch_chars=9441 err=
sympy__sympy-13480 arm=off wall=62s model=41s tool=9s steps=19 hits=0 misses=0 saved=0s tokens={'prompt': 88370, 'completion': 2963} patch_chars=5517 err=
sympy__sympy-13372 arm=harness wall=87s model=56s tool=14s steps=22 hits=4 misses=0 saved=2s tokens={'prompt': 145716, 'completion': 3992} patch_chars=5010 err=
sympy__sympy-12481 arm=off wall=141s model=102s tool=20s steps=40 hits=0 misses=0 saved=0s tokens={'prompt': 795996, 'completion': 7537} patch_chars=8092 err=
sympy__sympy-13031 arm=harness wall=113s model=81s tool=14s steps=25 hits=5 misses=0 saved=3s tokens={'prompt': 230975, 'completion': 6157} patch_chars=10206 err=
pytest-dev__pytest-10081 arm=off wall=737s model=96s tool=623s steps=40 hits=0 misses=0 saved=0s tokens={'prompt': 511776, 'completion': 6693} patch_chars=920 err=
sympy__sympy-13091 arm=off wall=105s model=76s tool=15s steps=36 hits=0 misses=0 saved=0s tokens={'prompt': 285712, 'completion': 5696} patch_chars=7615 err=
sympy__sympy-12419 arm=harness wall=160s model=93s tool=27s steps=40 hits=10 misses=0 saved=5s tokens={'prompt': 412740, 'completion': 7607} patch_chars=16185 err=
sympy__sympy-13551 arm=off wall=147s model=106s tool=19s steps=40 hits=0 misses=0 saved=0s tokens={'prompt': 666027, 'completion': 10029} patch_chars=3137 err=
sympy__sympy-13615 arm=harness wall=165s model=106s tool=21s steps=40 hits=7 misses=0 saved=3s tokens={'prompt': 487048, 'completion': 10345} patch_chars=11150 err=
sympy__sympy-13551 arm=harness wall=100s model=62s tool=15s steps=35 hits=6 misses=1 saved=2s tokens={'prompt': 444430, 'completion': 6590} patch_chars=7687 err=
pytest-dev__pytest-10051 arm=harness wall=1028s model=989s tool=16s steps=40 hits=4 misses=3 saved=2s tokens={'prompt': 505012, 'completion': 6674} patch_chars=7133 err=
sympy__sympy-13615 arm=off wall=122s model=82s tool=20s steps=40 hits=0 misses=0 saved=0s tokens={'prompt': 449858, 'completion': 8920} patch_chars=5918 err=
pytest-dev__pytest-10051 arm=off wall=86s model=40s tool=21s steps=34 hits=0 misses=0 saved=0s tokens={'prompt': 341930, 'completion': 4421} patch_chars=439 err=
pytest-dev__pytest-10081 arm=harness wall=1031s model=63s tool=923s steps=40 hits=3 misses=9 saved=1s tokens={'prompt': 461343, 'completion': 6815} patch_chars=3868 err=
spec=both done: 50 tasks in 3129s
