server ready after 141s; arm=off tasks=50 concurrency=8
django__django-11066 arm=off wall=115s model=40s tool=12s steps=20 hits=0 misses=0 saved=0s tokens={'prompt': 122458, 'completion': 2897} patch_chars=4607 err=
django__django-10097 arm=off wall=125s model=74s tool=27s steps=40 hits=0 misses=0 saved=0s tokens={'prompt': 312287, 'completion': 5771} patch_chars=22035 err=
django__django-10880 arm=off wall=142s model=98s tool=17s steps=40 hits=0 misses=0 saved=0s tokens={'prompt': 427076, 'completion': 8155} patch_chars=469 err=
django__django-11095 arm=off wall=144s model=69s tool=15s steps=34 hits=0 misses=0 saved=0s tokens={'prompt': 345751, 'completion': 5177} patch_chars=853 err=
django__django-10914 arm=off wall=150s model=103s tool=17s steps=35 hits=0 misses=0 saved=0s tokens={'prompt': 325234, 'completion': 8701} patch_chars=16598 err=
django__django-11087 arm=off wall=161s model=62s tool=26s steps=24 hits=0 misses=0 saved=0s tokens={'prompt': 272416, 'completion': 4882} patch_chars=11119 err=
django__django-10973 arm=off wall=178s model=100s tool=18s steps=36 hits=0 misses=0 saved=0s tokens={'prompt': 259181, 'completion': 8516} patch_chars=15985 err=
django__django-10999 arm=off wall=226s model=80s tool=39s steps=31 hits=0 misses=0 saved=0s tokens={'prompt': 379367, 'completion': 6272} patch_chars=497 err=
django__django-11099 arm=off wall=119s model=40s tool=19s steps=25 hits=0 misses=0 saved=0s tokens={'prompt': 210195, 'completion': 3552} patch_chars=901 err=
django__django-11119 arm=off wall=161s model=83s tool=18s steps=31 hits=0 misses=0 saved=0s tokens={'prompt': 360621, 'completion': 7130} patch_chars=21735 err=
django__django-11163 arm=off wall=127s model=61s tool=11s steps=31 hits=0 misses=0 saved=0s tokens={'prompt': 300892, 'completion': 4905} patch_chars=12111 err=
django__django-11179 arm=off wall=154s model=58s tool=18s steps=33 hits=0 misses=0 saved=0s tokens={'prompt': 289135, 'completion': 4969} patch_chars=7173 err=
django__django-11149 arm=off wall=203s model=102s tool=25s steps=40 hits=0 misses=0 saved=0s tokens={'prompt': 480600, 'completion': 8695} patch_chars=7386 err=
django__django-11211 arm=off wall=129s model=68s tool=14s steps=35 hits=0 misses=0 saved=0s tokens={'prompt': 374744, 'completion': 5947} patch_chars=10070 err=
django__django-11206 arm=off wall=146s model=74s tool=15s steps=30 hits=0 misses=0 saved=0s tokens={'prompt': 220234, 'completion': 6711} patch_chars=7218 err=
psf__requests-1766 arm=off wall=85s model=34s tool=9s steps=18 hits=0 misses=0 saved=0s tokens={'prompt': 91267, 'completion': 2582} patch_chars=451 err=
django__django-11265 arm=off wall=169s model=82s tool=30s steps=40 hits=0 misses=0 saved=0s tokens={'prompt': 682912, 'completion': 6823} patch_chars=18064 err=
psf__requests-1724 arm=off wall=102s model=43s tool=14s steps=29 hits=0 misses=0 saved=0s tokens={'prompt': 230035, 'completion': 3240} patch_chars=3518 err=
django__django-11239 arm=off wall=185s model=94s tool=15s steps=35 hits=0 misses=0 saved=0s tokens={'prompt': 380842, 'completion': 8477} patch_chars=1200 err=
django__django-11276 arm=off wall=142s model=65s tool=14s steps=40 hits=0 misses=0 saved=0s tokens={'prompt': 355645, 'completion': 5433} patch_chars=7847 err=
psf__requests-1142 arm=off wall=139s model=70s tool=16s steps=37 hits=0 misses=0 saved=0s tokens={'prompt': 501376, 'completion': 6064} patch_chars=200000 err=
django__django-11141 arm=off wall=392s model=320s tool=13s steps=27 hits=0 misses=0 saved=0s tokens={'prompt': 264510, 'completion': 5531} patch_chars=747 err=
pylint-dev__pylint-4604 arm=off wall=132s model=57s tool=21s steps=40 hits=0 misses=0 saved=0s tokens={'prompt': 473913, 'completion': 4651} patch_chars=5639 err=
pydata__xarray-3305 arm=off wall=191s model=68s tool=21s steps=40 hits=0 misses=0 saved=0s tokens={'prompt': 389103, 'completion': 5243} patch_chars=4444 err=
pylint-dev__pylint-4661 arm=off wall=144s model=74s tool=21s steps=38 hits=0 misses=0 saved=0s tokens={'prompt': 428058, 'completion': 5876} patch_chars=3024 err=
pydata__xarray-3095 arm=off wall=230s model=67s tool=53s steps=37 hits=0 misses=0 saved=0s tokens={'prompt': 395421, 'completion': 5331} patch_chars=710 err=
pydata__xarray-2905 arm=off wall=231s model=76s tool=47s steps=40 hits=0 misses=0 saved=0s tokens={'prompt': 310537, 'completion': 6246} patch_chars=10120 err=
pydata__xarray-3677 arm=off wall=243s model=46s tool=48s steps=31 hits=0 misses=0 saved=0s tokens={'prompt': 284417, 'completion': 3794} patch_chars=642 err=
pytest-dev__pytest-10051 arm=off wall=86s model=35s tool=10s steps=27 hits=0 misses=0 saved=0s tokens={'prompt': 245364, 'completion': 2890} patch_chars=4532 err=
pydata__xarray-3151 arm=off wall=308s model=118s tool=71s steps=40 hits=0 misses=0 saved=0s tokens={'prompt': 719991, 'completion': 9969} patch_chars=850 err=
django__django-11133 arm=off wall=651s model=580s tool=12s steps=30 hits=0 misses=0 saved=0s tokens={'prompt': 277245, 'completion': 6151} patch_chars=7723 err=
pylint-dev__pylint-4970 arm=off wall=177s model=96s tool=29s steps=40 hits=0 misses=0 saved=0s tokens={'prompt': 616047, 'completion': 8543} patch_chars=15338 err=
pytest-dev__pytest-5809 arm=off wall=86s model=31s tool=13s steps=17 hits=0 misses=0 saved=0s tokens={'prompt': 94479, 'completion': 2584} patch_chars=5129 err=
pytest-dev__pytest-5631 arm=off wall=121s model=59s tool=18s steps=32 hits=0 misses=0 saved=0s tokens={'prompt': 298263, 'completion': 4887} patch_chars=9278 err=
pytest-dev__pytest-5262 arm=off wall=168s model=88s tool=23s steps=40 hits=0 misses=0 saved=0s tokens={'prompt': 471628, 'completion': 7600} patch_chars=4650 err=
sphinx-doc__sphinx-10466 arm=off wall=93s model=33s tool=15s steps=17 hits=0 misses=0 saved=0s tokens={'prompt': 172066, 'completion': 2371} patch_chars=638 err=
sympy__sympy-11618 arm=off wall=120s model=66s tool=12s steps=27 hits=0 misses=0 saved=0s tokens={'prompt': 234382, 'completion': 5029} patch_chars=5240 err=
sphinx-doc__sphinx-10435 arm=off wall=160s model=86s tool=26s steps=35 hits=0 misses=0 saved=0s tokens={'prompt': 449526, 'completion': 6791} patch_chars=610 err=
sphinx-doc__sphinx-10449 arm=off wall=187s model=112s tool=24s steps=40 hits=0 misses=0 saved=0s tokens={'prompt': 792072, 'completion': 8442} patch_chars=9900 err=
sphinx-doc__sphinx-10323 arm=off wall=234s model=159s tool=19s steps=40 hits=0 misses=0 saved=0s tokens={'prompt': 705508, 'completion': 13155} patch_chars=12246 err=
sympy__sympy-13031 arm=off wall=98s model=47s tool=11s steps=26 hits=0 misses=0 saved=0s tokens={'prompt': 173915, 'completion': 3868} patch_chars=5581 err=
sympy__sympy-13091 arm=off wall=113s model=44s tool=19s steps=29 hits=0 misses=0 saved=0s tokens={'prompt': 165308, 'completion': 3521} patch_chars=3999 err=
sympy__sympy-12419 arm=off wall=192s model=105s tool=24s steps=40 hits=0 misses=0 saved=0s tokens={'prompt': 516935, 'completion': 8503} patch_chars=16419 err=
sympy__sympy-12481 arm=off wall=154s model=85s tool=17s steps=35 hits=0 misses=0 saved=0s tokens={'prompt': 507417, 'completion': 7082} patch_chars=5602 err=
sympy__sympy-12096 arm=off wall=279s model=89s tool=125s steps=39 hits=0 misses=0 saved=0s tokens={'prompt': 476007, 'completion': 7055} patch_chars=5655 err=
sympy__sympy-13372 arm=off wall=123s model=54s tool=19s steps=28 hits=0 misses=0 saved=0s tokens={'prompt': 226552, 'completion': 4824} patch_chars=5714 err=
pytest-dev__pytest-10081 arm=off wall=425s model=43s tool=318s steps=29 hits=0 misses=0 saved=0s tokens={'prompt': 271123, 'completion': 3648} patch_chars=1058 err=
sympy__sympy-13551 arm=off wall=187s model=96s tool=19s steps=40 hits=0 misses=0 saved=0s tokens={'prompt': 417720, 'completion': 10236} patch_chars=2385 err=
sympy__sympy-13615 arm=off wall=184s model=119s tool=20s steps=37 hits=0 misses=0 saved=0s tokens={'prompt': 552185, 'completion': 12680} patch_chars=8300 err=
sympy__sympy-13480 arm=off wall=339s model=277s tool=19s steps=14 hits=0 misses=0 saved=0s tokens={'prompt': 59905, 'completion': 2315} patch_chars=2552 err=
arm=off done: 50 tasks in 1323s
