server ready after 0s; arm=off tasks=50 concurrency=16
django__django-11066 arm=off wall=117s model=79s tool=15s steps=26 hits=0 misses=0 saved=0s tokens={'prompt': 201143, 'completion': 4065} patch_chars=10043 err=
django__django-10914 arm=off wall=122s model=89s tool=12s steps=29 hits=0 misses=0 saved=0s tokens={'prompt': 208527, 'completion': 4638} patch_chars=7066 err=
django__django-11133 arm=off wall=135s model=92s tool=16s steps=30 hits=0 misses=0 saved=0s tokens={'prompt': 253635, 'completion': 4759} patch_chars=528 err=
django__django-11141 arm=off wall=142s model=92s tool=30s steps=25 hits=0 misses=0 saved=0s tokens={'prompt': 172602, 'completion': 4728} patch_chars=6772 err=
django__django-10097 arm=off wall=152s model=114s tool=14s steps=40 hits=0 misses=0 saved=0s tokens={'prompt': 282326, 'completion': 5738} patch_chars=41378 err=
django__django-11099 arm=off wall=155s model=113s tool=16s steps=27 hits=0 misses=0 saved=0s tokens={'prompt': 141667, 'completion': 5894} patch_chars=5490 err=
django__django-11179 arm=off wall=171s model=130s tool=12s steps=30 hits=0 misses=0 saved=0s tokens={'prompt': 262947, 'completion': 6658} patch_chars=11296 err=
django__django-11163 arm=off wall=172s model=139s tool=11s steps=27 hits=0 misses=0 saved=0s tokens={'prompt': 309830, 'completion': 7167} patch_chars=9568 err=
django__django-11119 arm=off wall=194s model=149s tool=23s steps=33 hits=0 misses=0 saved=0s tokens={'prompt': 364793, 'completion': 7531} patch_chars=12601 err=
django__django-10999 arm=off wall=221s model=173s tool=15s steps=34 hits=0 misses=0 saved=0s tokens={'prompt': 444958, 'completion': 8732} patch_chars=497 err=
django__django-11149 arm=off wall=248s model=190s tool=21s steps=40 hits=0 misses=0 saved=0s tokens={'prompt': 484370, 'completion': 9677} patch_chars=12056 err=
psf__requests-1766 arm=off wall=83s model=42s tool=29s steps=15 hits=0 misses=0 saved=0s tokens={'prompt': 75856, 'completion': 2144} patch_chars=454 err=
django__django-11276 arm=off wall=124s model=74s tool=25s steps=30 hits=0 misses=0 saved=0s tokens={'prompt': 205672, 'completion': 3735} patch_chars=569 err=
django__django-11265 arm=off wall=163s model=116s tool=19s steps=40 hits=0 misses=0 saved=0s tokens={'prompt': 586172, 'completion': 5792} patch_chars=10544 err=
django__django-11239 arm=off wall=204s model=163s tool=11s steps=26 hits=0 misses=0 saved=0s tokens={'prompt': 263242, 'completion': 8543} patch_chars=3654 err=
django__django-11211 arm=off wall=227s model=161s tool=35s steps=38 hits=0 misses=0 saved=0s tokens={'prompt': 568519, 'completion': 8129} patch_chars=13045 err=
django__django-11087 arm=off wall=356s model=286s tool=25s steps=40 hits=0 misses=0 saved=0s tokens={'prompt': 741062, 'completion': 14871} patch_chars=7294 err=
psf__requests-1724 arm=off wall=223s model=116s tool=88s steps=32 hits=0 misses=0 saved=0s tokens={'prompt': 479633, 'completion': 5764} patch_chars=624 err=
pydata__xarray-3095 arm=off wall=188s model=119s tool=43s steps=40 hits=0 misses=0 saved=0s tokens={'prompt': 434670, 'completion': 6085} patch_chars=12764 err=
pydata__xarray-3677 arm=off wall=129s model=89s tool=26s steps=37 hits=0 misses=0 saved=0s tokens={'prompt': 352791, 'completion': 4447} patch_chars=4839 err=
pylint-dev__pylint-4604 arm=off wall=121s model=77s tool=25s steps=40 hits=0 misses=0 saved=0s tokens={'prompt': 478347, 'completion': 3674} patch_chars=1118 err=
pydata__xarray-2905 arm=off wall=242s model=127s tool=78s steps=36 hits=0 misses=0 saved=0s tokens={'prompt': 305952, 'completion': 6482} patch_chars=750 err=
pydata__xarray-3305 arm=off wall=185s model=108s tool=52s steps=40 hits=0 misses=0 saved=0s tokens={'prompt': 416666, 'completion': 5340} patch_chars=3808 err=
pydata__xarray-3151 arm=off wall=254s model=187s tool=34s steps=40 hits=0 misses=0 saved=0s tokens={'prompt': 451249, 'completion': 9643} patch_chars=12175 err=
django__django-10973 arm=off wall=476s model=443s tool=14s steps=29 hits=0 misses=0 saved=0s tokens={'prompt': 181500, 'completion': 7411} patch_chars=2508 err=
pytest-dev__pytest-5809 arm=off wall=104s model=67s tool=19s steps=20 hits=0 misses=0 saved=0s tokens={'prompt': 121170, 'completion': 3151} patch_chars=1520 err=
django__django-11095 arm=off wall=492s model=453s tool=13s steps=30 hits=0 misses=0 saved=0s tokens={'prompt': 316332, 'completion': 7679} patch_chars=12468 err=
pytest-dev__pytest-10051 arm=off wall=161s model=128s tool=16s steps=40 hits=0 misses=0 saved=0s tokens={'prompt': 507410, 'completion': 6265} patch_chars=3001 err=
pylint-dev__pylint-4661 arm=off wall=213s model=138s tool=41s steps=34 hits=0 misses=0 saved=0s tokens={'prompt': 280634, 'completion': 6701} patch_chars=1942 err=
django__django-10880 arm=off wall=525s model=471s tool=22s steps=40 hits=0 misses=0 saved=0s tokens={'prompt': 559503, 'completion': 8464} patch_chars=11696 err=
pytest-dev__pytest-10081 arm=off wall=224s model=146s tool=55s steps=40 hits=0 misses=0 saved=0s tokens={'prompt': 456092, 'completion': 6547} patch_chars=8267 err=
pytest-dev__pytest-5262 arm=off wall=209s model=154s tool=27s steps=40 hits=0 misses=0 saved=0s tokens={'prompt': 471536, 'completion': 6909} patch_chars=4714 err=
pylint-dev__pylint-4970 arm=off wall=272s model=206s tool=32s steps=40 hits=0 misses=0 saved=0s tokens={'prompt': 644475, 'completion': 9324} patch_chars=14497 err=
sphinx-doc__sphinx-10466 arm=off wall=132s model=97s tool=19s steps=19 hits=0 misses=0 saved=0s tokens={'prompt': 229233, 'completion': 4137} patch_chars=638 err=
django__django-11206 arm=off wall=626s model=558s tool=24s steps=40 hits=0 misses=0 saved=0s tokens={'prompt': 1077477, 'completion': 28332} patch_chars=16109 err=
sympy__sympy-13091 arm=off wall=116s model=89s tool=14s steps=26 hits=0 misses=0 saved=0s tokens={'prompt': 140516, 'completion': 3646} patch_chars=5395 err=
sympy__sympy-12096 arm=off wall=167s model=131s tool=19s steps=32 hits=0 misses=0 saved=0s tokens={'prompt': 347354, 'completion': 5454} patch_chars=6143 err=
sympy__sympy-12481 arm=off wall=166s model=131s tool=17s steps=28 hits=0 misses=0 saved=0s tokens={'prompt': 324550, 'completion': 5479} patch_chars=5736 err=
sympy__sympy-13372 arm=off wall=92s model=71s tool=10s steps=21 hits=0 misses=0 saved=0s tokens={'prompt': 141049, 'completion': 3007} patch_chars=2890 err=
sphinx-doc__sphinx-10323 arm=off wall=286s model=195s tool=55s steps=33 hits=0 misses=0 saved=0s tokens={'prompt': 543200, 'completion': 8673} patch_chars=3628 err=
pytest-dev__pytest-5631 arm=off wall=293s model=236s tool=23s steps=40 hits=0 misses=0 saved=0s tokens={'prompt': 486934, 'completion': 10638} patch_chars=19930 err=
sympy__sympy-11618 arm=off wall=203s model=156s tool=25s steps=34 hits=0 misses=0 saved=0s tokens={'prompt': 362892, 'completion': 6649} patch_chars=1578 err=
sympy__sympy-13480 arm=off wall=94s model=59s tool=16s steps=19 hits=0 misses=0 saved=0s tokens={'prompt': 78892, 'completion': 2568} patch_chars=4534 err=
psf__requests-1142 arm=off wall=534s model=501s tool=15s steps=40 hits=0 misses=0 saved=0s tokens={'prompt': 601785, 'completion': 8832} patch_chars=200000 err=
sympy__sympy-13031 arm=off wall=191s model=161s tool=15s steps=34 hits=0 misses=0 saved=0s tokens={'prompt': 314230, 'completion': 7322} patch_chars=12640 err=
sphinx-doc__sphinx-10435 arm=off wall=291s model=227s tool=36s steps=40 hits=0 misses=0 saved=0s tokens={'prompt': 581371, 'completion': 10389} patch_chars=13697 err=
sympy__sympy-12419 arm=off wall=222s model=175s tool=23s steps=40 hits=0 misses=0 saved=0s tokens={'prompt': 430830, 'completion': 8216} patch_chars=17850 err=
sphinx-doc__sphinx-10449 arm=off wall=281s model=226s tool=31s steps=40 hits=0 misses=0 saved=0s tokens={'prompt': 629593, 'completion': 10660} patch_chars=27933 err=
sympy__sympy-13551 arm=off wall=175s model=128s tool=21s steps=40 hits=0 misses=0 saved=0s tokens={'prompt': 568770, 'completion': 8363} patch_chars=12498 err=
sympy__sympy-13615 arm=off wall=173s model=140s tool=17s steps=40 hits=0 misses=0 saved=0s tokens={'prompt': 695343, 'completion': 9957} patch_chars=18547 err=
spec=off done: 50 tasks in 780s
