server ready after 0s; arm=off tasks=100 concurrency=32
pytest-dev__pytest-10051 arm=off wall=126s model=92s tool=17s steps=28 hits=0 misses=0 saved=0s tokens={'prompt': 262423, 'completion': 3296} patch_chars=4436 err=
pydata__xarray-3677 arm=off wall=129s model=94s tool=24s steps=26 hits=0 misses=0 saved=0s tokens={'prompt': 166112, 'completion': 3447} patch_chars=3142 err=
psf__requests-1766 arm=off wall=131s model=70s tool=48s steps=18 hits=0 misses=0 saved=0s tokens={'prompt': 109865, 'completion': 2558} patch_chars=451 err=
django__django-11276 arm=off wall=134s model=96s tool=14s steps=24 hits=0 misses=0 saved=0s tokens={'prompt': 150842, 'completion': 3511} patch_chars=6447 err=
django__django-10999 arm=off wall=149s model=123s tool=8s steps=23 hits=0 misses=0 saved=0s tokens={'prompt': 204386, 'completion': 4485} patch_chars=497 err=
django__django-10914 arm=off wall=156s model=118s tool=14s steps=27 hits=0 misses=0 saved=0s tokens={'prompt': 189283, 'completion': 4260} patch_chars=625 err=
django__django-11163 arm=off wall=159s model=114s tool=23s steps=23 hits=0 misses=0 saved=0s tokens={'prompt': 150148, 'completion': 4125} patch_chars=8662 err=
pylint-dev__pylint-4661 arm=off wall=170s model=147s tool=13s steps=19 hits=0 misses=0 saved=0s tokens={'prompt': 120708, 'completion': 5359} patch_chars=10289 err=
pylint-dev__pylint-4604 arm=off wall=172s model=140s tool=18s steps=40 hits=0 misses=0 saved=0s tokens={'prompt': 422296, 'completion': 4909} patch_chars=4945 err=
django__django-11099 arm=off wall=173s model=134s tool=15s steps=27 hits=0 misses=0 saved=0s tokens={'prompt': 123656, 'completion': 4752} patch_chars=5701 err=
django__django-11179 arm=off wall=174s model=132s tool=21s steps=25 hits=0 misses=0 saved=0s tokens={'prompt': 205632, 'completion': 4748} patch_chars=7123 err=
django__django-11265 arm=off wall=176s model=126s tool=23s steps=40 hits=0 misses=0 saved=0s tokens={'prompt': 547649, 'completion': 4310} patch_chars=6264 err=
django__django-11066 arm=off wall=183s model=135s tool=22s steps=26 hits=0 misses=0 saved=0s tokens={'prompt': 191788, 'completion': 4866} patch_chars=11761 err=
django__django-11141 arm=off wall=187s model=157s tool=9s steps=24 hits=0 misses=0 saved=0s tokens={'prompt': 179077, 'completion': 5647} patch_chars=747 err=
pydata__xarray-3095 arm=off wall=206s model=157s tool=32s steps=40 hits=0 misses=0 saved=0s tokens={'prompt': 423767, 'completion': 5461} patch_chars=10121 err=
pydata__xarray-2905 arm=off wall=209s model=153s tool=39s steps=35 hits=0 misses=0 saved=0s tokens={'prompt': 358282, 'completion': 5393} patch_chars=7097 err=
psf__requests-1142 arm=off wall=224s model=183s tool=19s steps=36 hits=0 misses=0 saved=0s tokens={'prompt': 448728, 'completion': 6397} patch_chars=200000 err=
django__django-11239 arm=off wall=225s model=171s tool=19s steps=24 hits=0 misses=0 saved=0s tokens={'prompt': 216997, 'completion': 6123} patch_chars=1230 err=
pydata__xarray-3151 arm=off wall=234s model=172s tool=37s steps=32 hits=0 misses=0 saved=0s tokens={'prompt': 441445, 'completion': 6108} patch_chars=675 err=
pytest-dev__pytest-5809 arm=off wall=101s model=72s tool=15s steps=16 hits=0 misses=0 saved=0s tokens={'prompt': 81020, 'completion': 2412} patch_chars=4869 err=
django__django-10973 arm=off wall=240s model=198s tool=16s steps=29 hits=0 misses=0 saved=0s tokens={'prompt': 235748, 'completion': 7021} patch_chars=2470 err=
django__django-11206 arm=off wall=244s model=175s tool=21s steps=26 hits=0 misses=0 saved=0s tokens={'prompt': 193208, 'completion': 6213} patch_chars=14740 err=
django__django-11133 arm=off wall=250s model=171s tool=28s steps=40 hits=0 misses=0 saved=0s tokens={'prompt': 397921, 'completion': 5989} patch_chars=11070 err=
sympy__sympy-13480 arm=off wall=63s model=45s tool=7s steps=12 hits=0 misses=0 saved=0s tokens={'prompt': 39632, 'completion': 1547} patch_chars=1525 err=
django__django-10880 arm=off wall=285s model=249s tool=14s steps=33 hits=0 misses=0 saved=0s tokens={'prompt': 323573, 'completion': 8870} patch_chars=11054 err=
django__django-10097 arm=off wall=290s model=171s tool=54s steps=40 hits=0 misses=0 saved=0s tokens={'prompt': 296447, 'completion': 5934} patch_chars=21988 err=
django__django-11211 arm=off wall=294s model=233s tool=27s steps=40 hits=0 misses=0 saved=0s tokens={'prompt': 666933, 'completion': 8128} patch_chars=13775 err=
django__django-11087 arm=off wall=299s model=249s tool=23s steps=34 hits=0 misses=0 saved=0s tokens={'prompt': 571719, 'completion': 8845} patch_chars=3272 err=
django__django-11149 arm=off wall=301s model=256s tool=18s steps=32 hits=0 misses=0 saved=0s tokens={'prompt': 381505, 'completion': 9124} patch_chars=14932 err=
sphinx-doc__sphinx-10466 arm=off wall=137s model=108s tool=14s steps=21 hits=0 misses=0 saved=0s tokens={'prompt': 231040, 'completion': 3684} patch_chars=894 err=
pytest-dev__pytest-5262 arm=off wall=184s model=140s tool=23s steps=24 hits=0 misses=0 saved=0s tokens={'prompt': 256041, 'completion': 4749} patch_chars=780 err=
sympy__sympy-11618 arm=off wall=156s model=131s tool=13s steps=28 hits=0 misses=0 saved=0s tokens={'prompt': 237964, 'completion': 4485} patch_chars=3540 err=
django__django-11095 arm=off wall=330s model=273s tool=25s steps=30 hits=0 misses=0 saved=0s tokens={'prompt': 484889, 'completion': 9787} patch_chars=946 err=
sympy__sympy-12096 arm=off wall=163s model=134s tool=15s steps=27 hits=0 misses=0 saved=0s tokens={'prompt': 266202, 'completion': 4621} patch_chars=742 err=
sympy__sympy-13091 arm=off wall=170s model=143s tool=14s steps=29 hits=0 misses=0 saved=0s tokens={'prompt': 230885, 'completion': 4985} patch_chars=5274 err=
sympy__sympy-13031 arm=off wall=189s model=149s tool=20s steps=34 hits=0 misses=0 saved=0s tokens={'prompt': 263046, 'completion': 5166} patch_chars=6721 err=
django__django-10999#1 arm=off wall=123s model=102s tool=7s steps=19 hits=0 misses=0 saved=0s tokens={'prompt': 152831, 'completion': 3582} patch_chars=5075 err=
pylint-dev__pylint-4970 arm=off wall=380s model=309s tool=39s steps=40 hits=0 misses=0 saved=0s tokens={'prompt': 683280, 'completion': 10959} patch_chars=21019 err=
django__django-11066#1 arm=off wall=119s model=86s tool=16s steps=23 hits=0 misses=0 saved=0s tokens={'prompt': 138821, 'completion': 3013} patch_chars=3785 err=
django__django-10914#1 arm=off wall=158s model=129s tool=10s steps=27 hits=0 misses=0 saved=0s tokens={'prompt': 187416, 'completion': 4566} patch_chars=625 err=
django__django-10097#1 arm=off wall=173s model=123s tool=20s steps=40 hits=0 misses=0 saved=0s tokens={'prompt': 226347, 'completion': 4245} patch_chars=20099 err=
sympy__sympy-12481 arm=off wall=232s model=204s tool=14s steps=31 hits=0 misses=0 saved=0s tokens={'prompt': 410154, 'completion': 7004} patch_chars=9822 err=
sphinx-doc__sphinx-10435 arm=off wall=284s model=219s tool=35s steps=39 hits=0 misses=0 saved=0s tokens={'prompt': 603185, 'completion': 7648} patch_chars=7042 err=
django__django-11099#1 arm=off wall=162s model=125s tool=14s steps=22 hits=0 misses=0 saved=0s tokens={'prompt': 109335, 'completion': 4457} patch_chars=6047 err=
psf__requests-1724 arm=off wall=461s model=407s tool=39s steps=26 hits=0 misses=0 saved=0s tokens={'prompt': 322064, 'completion': 3695} patch_chars=672 err=
django__django-11133#1 arm=off wall=177s model=128s tool=21s steps=32 hits=0 misses=0 saved=0s tokens={'prompt': 293679, 'completion': 4485} patch_chars=8510 err=
django__django-10973#1 arm=off wall=253s model=202s tool=24s steps=26 hits=0 misses=0 saved=0s tokens={'prompt': 198689, 'completion': 7170} patch_chars=2498 err=
sympy__sympy-13615 arm=off wall=281s model=222s tool=32s steps=40 hits=0 misses=0 saved=0s tokens={'prompt': 560232, 'completion': 7620} patch_chars=9533 err=
pytest-dev__pytest-5631 arm=off wall=376s model=301s tool=32s steps=40 hits=0 misses=0 saved=0s tokens={'prompt': 469941, 'completion': 10483} patch_chars=17357 err=
psf__requests-1766#1 arm=off wall=111s model=79s tool=22s steps=20 hits=0 misses=0 saved=0s tokens={'prompt': 112410, 'completion': 2638} patch_chars=3335 err=
django__django-11179#1 arm=off wall=191s model=146s tool=20s steps=28 hits=0 misses=0 saved=0s tokens={'prompt': 230595, 'completion': 5038} patch_chars=5674 err=
django__django-11095#1 arm=off wall=231s model=183s tool=19s steps=31 hits=0 misses=0 saved=0s tokens={'prompt': 298868, 'completion': 6304} patch_chars=1010 err=
django__django-11163#1 arm=off wall=208s model=160s tool=25s steps=33 hits=0 misses=0 saved=0s tokens={'prompt': 277118, 'completion': 5490} patch_chars=9955 err=
django__django-11141#1 arm=off wall=248s model=212s tool=12s steps=30 hits=0 misses=0 saved=0s tokens={'prompt': 336675, 'completion': 7379} patch_chars=15559 err=
pydata__xarray-3305 arm=off wall=563s model=514s tool=24s steps=40 hits=0 misses=0 saved=0s tokens={'prompt': 404347, 'completion': 7369} patch_chars=8096 err=
django__django-11119#1 arm=off wall=265s model=215s tool=20s steps=32 hits=0 misses=0 saved=0s tokens={'prompt': 305165, 'completion': 7373} patch_chars=8856 err=
django__django-11149#1 arm=off wall=285s model=229s tool=27s steps=40 hits=0 misses=0 saved=0s tokens={'prompt': 407323, 'completion': 7891} patch_chars=13216 err=
psf__requests-1142#1 arm=off wall=214s model=180s tool=14s steps=40 hits=0 misses=0 saved=0s tokens={'prompt': 598421, 'completion': 5874} patch_chars=200000 err=
django__django-11276#1 arm=off wall=225s model=179s tool=16s steps=31 hits=0 misses=0 saved=0s tokens={'prompt': 227228, 'completion': 5868} patch_chars=10935 err=
sphinx-doc__sphinx-10323 arm=off wall=462s model=398s tool=28s steps=40 hits=0 misses=0 saved=0s tokens={'prompt': 761289, 'completion': 13644} patch_chars=16266 err=
django__django-11087#1 arm=off wall=340s model=277s tool=26s steps=29 hits=0 misses=0 saved=0s tokens={'prompt': 470461, 'completion': 9503} patch_chars=6381 err=
psf__requests-1724#1 arm=off wall=228s model=97s tool=117s steps=31 hits=0 misses=0 saved=0s tokens={'prompt': 245812, 'completion': 3192} patch_chars=4795 err=
django__django-11211#1 arm=off wall=271s model=206s tool=45s steps=40 hits=0 misses=0 saved=0s tokens={'prompt': 523413, 'completion': 6790} patch_chars=10774 err=
pytest-dev__pytest-10051#1 arm=off wall=111s model=89s tool=10s steps=23 hits=0 misses=0 saved=0s tokens={'prompt': 196053, 'completion': 2793} patch_chars=4885 err=
django__django-11265#1 arm=off wall=276s model=213s tool=29s steps=39 hits=0 misses=0 saved=0s tokens={'prompt': 621115, 'completion': 7051} patch_chars=10876 err=
sympy__sympy-13551 arm=off wall=427s model=384s tool=18s steps=40 hits=0 misses=0 saved=0s tokens={'prompt': 469756, 'completion': 13209} patch_chars=7615 err=
pydata__xarray-2905#1 arm=off wall=246s model=176s tool=45s steps=36 hits=0 misses=0 saved=0s tokens={'prompt': 300045, 'completion': 5770} patch_chars=7206 err=
pydata__xarray-3677#1 arm=off wall=182s model=135s tool=32s steps=35 hits=0 misses=0 saved=0s tokens={'prompt': 319780, 'completion': 4274} patch_chars=4627 err=
django__django-11119 arm=off wall=666s model=620s tool=17s steps=40 hits=0 misses=0 saved=0s tokens={'prompt': 603133, 'completion': 11157} patch_chars=21063 err=
pydata__xarray-3305#1 arm=off wall=208s model=169s tool=23s steps=40 hits=0 misses=0 saved=0s tokens={'prompt': 380927, 'completion': 5423} patch_chars=4528 err=
pytest-dev__pytest-5809#1 arm=off wall=116s model=79s tool=20s steps=20 hits=0 misses=0 saved=0s tokens={'prompt': 109737, 'completion': 2526} patch_chars=1057 err=
pytest-dev__pytest-5631#1 arm=off wall=140s model=106s tool=18s steps=25 hits=0 misses=0 saved=0s tokens={'prompt': 184962, 'completion': 3396} patch_chars=3847 err=
sympy__sympy-13372 arm=off wall=495s model=452s tool=21s steps=26 hits=0 misses=0 saved=0s tokens={'prompt': 224845, 'completion': 5298} patch_chars=5202 err=
pydata__xarray-3095#1 arm=off wall=264s model=207s tool=30s steps=40 hits=0 misses=0 saved=0s tokens={'prompt': 420348, 'completion': 6663} patch_chars=10248 err=
pylint-dev__pylint-4604#1 arm=off wall=212s model=172s tool=24s steps=40 hits=0 misses=0 saved=0s tokens={'prompt': 526150, 'completion': 5582} patch_chars=4230 err=
sympy__sympy-11618#1 arm=off wall=108s model=87s tool=9s steps=20 hits=0 misses=0 saved=0s tokens={'prompt': 146997, 'completion': 2903} patch_chars=1098 err=
sphinx-doc__sphinx-10466#1 arm=off wall=116s model=84s tool=15s steps=19 hits=0 misses=0 saved=0s tokens={'prompt': 197924, 'completion': 2813} patch_chars=927 err=
pylint-dev__pylint-4661#1 arm=off wall=226s model=174s tool=25s steps=37 hits=0 misses=0 saved=0s tokens={'prompt': 367393, 'completion': 5725} patch_chars=1741 err=
django__django-11206#1 arm=off wall=399s model=358s tool=12s steps=34 hits=0 misses=0 saved=0s tokens={'prompt': 375830, 'completion': 12387} patch_chars=4479 err=
sphinx-doc__sphinx-10449 arm=off wall=577s model=539s tool=20s steps=40 hits=0 misses=0 saved=0s tokens={'prompt': 651438, 'completion': 7867} patch_chars=10316 err=
sympy__sympy-13480#1 arm=off wall=94s model=69s tool=11s steps=18 hits=0 misses=0 saved=0s tokens={'prompt': 75508, 'completion': 2451} patch_chars=2896 err=
sympy__sympy-13091#1 arm=off wall=135s model=108s tool=14s steps=28 hits=0 misses=0 saved=0s tokens={'prompt': 214615, 'completion': 3875} patch_chars=4895 err=
pylint-dev__pylint-4970#1 arm=off wall=258s model=208s tool=25s steps=40 hits=0 misses=0 saved=0s tokens={'prompt': 517449, 'completion': 7090} patch_chars=661 err=
sympy__sympy-13372#1 arm=off wall=132s model=97s tool=14s steps=23 hits=0 misses=0 saved=0s tokens={'prompt': 164865, 'completion': 3741} patch_chars=4094 err=
pydata__xarray-3151#1 arm=off wall=329s model=261s tool=33s steps=40 hits=0 misses=0 saved=0s tokens={'prompt': 524825, 'completion': 8976} patch_chars=13887 err=
sympy__sympy-12419 arm=off wall=613s model=481s tool=96s steps=40 hits=0 misses=0 saved=0s tokens={'prompt': 419997, 'completion': 6465} patch_chars=4521 err=
django__django-10880#1 arm=off wall=562s model=508s tool=28s steps=38 hits=0 misses=0 saved=0s tokens={'prompt': 671602, 'completion': 18182} patch_chars=77210 err=
pytest-dev__pytest-5262#1 arm=off wall=282s model=212s tool=36s steps=40 hits=0 misses=0 saved=0s tokens={'prompt': 543190, 'completion': 7630} patch_chars=9045 err=
sympy__sympy-12419#1 arm=off wall=200s model=138s tool=30s steps=40 hits=0 misses=0 saved=0s tokens={'prompt': 452459, 'completion': 5428} patch_chars=6707 err=
sphinx-doc__sphinx-10449#1 arm=off wall=230s model=184s tool=26s steps=40 hits=0 misses=0 saved=0s tokens={'prompt': 715252, 'completion': 7351} patch_chars=11982 err=
django__django-11239#1 arm=off wall=460s model=353s tool=42s steps=40 hits=0 misses=0 saved=0s tokens={'prompt': 571121, 'completion': 13137} patch_chars=35294 err=
sympy__sympy-13031#1 arm=off wall=211s model=167s tool=20s steps=40 hits=0 misses=0 saved=0s tokens={'prompt': 394610, 'completion': 7236} patch_chars=10269 err=
sphinx-doc__sphinx-10435#1 arm=off wall=282s model=215s tool=38s steps=40 hits=0 misses=0 saved=0s tokens={'prompt': 633531, 'completion': 8760} patch_chars=8103 err=
sympy__sympy-13615#1 arm=off wall=206s model=158s tool=23s steps=40 hits=0 misses=0 saved=0s tokens={'prompt': 392987, 'completion': 7637} patch_chars=9387 err=
sympy__sympy-12096#1 arm=off wall=267s model=171s tool=81s steps=35 hits=0 misses=0 saved=0s tokens={'prompt': 317260, 'completion': 7448} patch_chars=7604 err=
sphinx-doc__sphinx-10323#1 arm=off wall=333s model=270s tool=27s steps=40 hits=0 misses=0 saved=0s tokens={'prompt': 730761, 'completion': 12563} patch_chars=21830 err=
pytest-dev__pytest-10081#1 arm=off wall=389s model=59s tool=316s steps=32 hits=0 misses=0 saved=0s tokens={'prompt': 287499, 'completion': 3189} patch_chars=778 err=
sympy__sympy-13551#1 arm=off wall=269s model=214s tool=26s steps=40 hits=0 misses=0 saved=0s tokens={'prompt': 533429, 'completion': 12465} patch_chars=2491 err=
sympy__sympy-12481#1 arm=off wall=465s model=422s tool=22s steps=31 hits=0 misses=0 saved=0s tokens={'prompt': 421853, 'completion': 6321} patch_chars=1055 err=
pytest-dev__pytest-10081 arm=off wall=1093s model=137s tool=925s steps=40 hits=0 misses=0 saved=0s tokens={'prompt': 459282, 'completion': 6008} patch_chars=5969 err=
spec=off done: 100 tasks in 1219s
