server ready after 0s; arm=off tasks=150 concurrency=64
sympy__sympy-13480 arm=off wall=117s model=99s tool=7s steps=14 hits=0 misses=0 saved=0s tokens={'prompt': 51310, 'completion': 2042} patch_chars=2622 err=
sphinx-doc__sphinx-10466 arm=off wall=191s model=162s tool=15s steps=17 hits=0 misses=0 saved=0s tokens={'prompt': 175837, 'completion': 2643} patch_chars=638 err=
django__django-11066 arm=off wall=203s model=181s tool=7s steps=12 hits=0 misses=0 saved=0s tokens={'prompt': 65314, 'completion': 2867} patch_chars=3541 err=
pytest-dev__pytest-5809 arm=off wall=224s model=197s tool=15s steps=22 hits=0 misses=0 saved=0s tokens={'prompt': 125538, 'completion': 2958} patch_chars=1057 err=
django__django-11141 arm=off wall=256s model=232s tool=8s steps=20 hits=0 misses=0 saved=0s tokens={'prompt': 174546, 'completion': 3249} patch_chars=747 err=
django__django-11066#1 arm=off wall=301s model=262s tool=14s steps=19 hits=0 misses=0 saved=0s tokens={'prompt': 105952, 'completion': 3410} patch_chars=4680 err=
psf__requests-1766 arm=off wall=317s model=265s tool=40s steps=24 hits=0 misses=0 saved=0s tokens={'prompt': 239170, 'completion': 3565} patch_chars=454 err=
pytest-dev__pytest-10051 arm=off wall=339s model=310s tool=15s steps=40 hits=0 misses=0 saved=0s tokens={'prompt': 408809, 'completion': 3693} patch_chars=3912 err=
django__django-11163#1 arm=off wall=357s model=320s tool=19s steps=24 hits=0 misses=0 saved=0s tokens={'prompt': 168635, 'completion': 3974} patch_chars=10122 err=
pydata__xarray-3677 arm=off wall=359s model=323s tool=24s steps=33 hits=0 misses=0 saved=0s tokens={'prompt': 298354, 'completion': 3873} patch_chars=3469 err=
pydata__xarray-2905 arm=off wall=367s model=321s tool=29s steps=27 hits=0 misses=0 saved=0s tokens={'prompt': 174668, 'completion': 3828} patch_chars=658 err=
django__django-11179 arm=off wall=400s model=355s tool=17s steps=23 hits=0 misses=0 saved=0s tokens={'prompt': 182982, 'completion': 4239} patch_chars=6217 err=
pylint-dev__pylint-4970 arm=off wall=428s model=390s tool=18s steps=40 hits=0 misses=0 saved=0s tokens={'prompt': 545308, 'completion': 4078} patch_chars=6503 err=
sympy__sympy-12096 arm=off wall=438s model=395s tool=21s steps=29 hits=0 misses=0 saved=0s tokens={'prompt': 291097, 'completion': 4500} patch_chars=4950 err=
django__django-10973#1 arm=off wall=439s model=401s tool=17s steps=26 hits=0 misses=0 saved=0s tokens={'prompt': 146878, 'completion': 4398} patch_chars=6825 err=
sympy__sympy-11618 arm=off wall=442s model=412s tool=16s steps=27 hits=0 misses=0 saved=0s tokens={'prompt': 264856, 'completion': 4878} patch_chars=6774 err=
django__django-11099#1 arm=off wall=444s model=417s tool=9s steps=25 hits=0 misses=0 saved=0s tokens={'prompt': 149854, 'completion': 4838} patch_chars=9229 err=
django__django-10999#1 arm=off wall=467s model=428s tool=9s steps=26 hits=0 misses=0 saved=0s tokens={'prompt': 241584, 'completion': 4608} patch_chars=497 err=
django__django-10999 arm=off wall=476s model=436s tool=12s steps=25 hits=0 misses=0 saved=0s tokens={'prompt': 271801, 'completion': 4679} patch_chars=497 err=
sympy__sympy-12481 arm=off wall=478s model=438s tool=19s steps=28 hits=0 misses=0 saved=0s tokens={'prompt': 332265, 'completion': 5123} patch_chars=9628 err=
sympy__sympy-13031 arm=off wall=507s model=469s tool=18s steps=28 hits=0 misses=0 saved=0s tokens={'prompt': 203896, 'completion': 5633} patch_chars=7901 err=
pylint-dev__pylint-4604 arm=off wall=509s model=465s tool=27s steps=40 hits=0 misses=0 saved=0s tokens={'prompt': 448328, 'completion': 4635} patch_chars=1709 err=
django__django-11141#1 arm=off wall=522s model=490s tool=10s steps=26 hits=0 misses=0 saved=0s tokens={'prompt': 191456, 'completion': 5671} patch_chars=12862 err=
django__django-11133 arm=off wall=524s model=463s tool=33s steps=35 hits=0 misses=0 saved=0s tokens={'prompt': 290630, 'completion': 5234} patch_chars=11646 err=
pytest-dev__pytest-5262 arm=off wall=530s model=496s tool=18s steps=28 hits=0 misses=0 saved=0s tokens={'prompt': 298111, 'completion': 5560} patch_chars=9557 err=
django__django-11087 arm=off wall=533s model=500s tool=9s steps=24 hits=0 misses=0 saved=0s tokens={'prompt': 287239, 'completion': 5648} patch_chars=6570 err=
pytest-dev__pytest-5631 arm=off wall=559s model=511s tool=24s steps=33 hits=0 misses=0 saved=0s tokens={'prompt': 337709, 'completion': 5771} patch_chars=8743 err=
django__django-11265 arm=off wall=563s model=497s tool=27s steps=40 hits=0 misses=0 saved=0s tokens={'prompt': 603024, 'completion': 4603} patch_chars=598 err=
django__django-11133#1 arm=off wall=579s model=515s tool=25s steps=32 hits=0 misses=0 saved=0s tokens={'prompt': 272922, 'completion': 5694} patch_chars=7533 err=
django__django-11239 arm=off wall=584s model=540s tool=17s steps=28 hits=0 misses=0 saved=0s tokens={'prompt': 267385, 'completion': 6097} patch_chars=2937 err=
django__django-10097#1 arm=off wall=590s model=554s tool=16s steps=40 hits=0 misses=0 saved=0s tokens={'prompt': 247039, 'completion': 5564} patch_chars=20754 err=
pydata__xarray-3305 arm=off wall=595s model=530s tool=43s steps=39 hits=0 misses=0 saved=0s tokens={'prompt': 383412, 'completion': 5390} patch_chars=4584 err=
django__django-11211 arm=off wall=596s model=537s tool=30s steps=40 hits=0 misses=0 saved=0s tokens={'prompt': 426012, 'completion': 5437} patch_chars=11996 err=
django__django-10973 arm=off wall=625s model=556s tool=25s steps=40 hits=0 misses=0 saved=0s tokens={'prompt': 245324, 'completion': 5405} patch_chars=11139 err=
pydata__xarray-3095 arm=off wall=628s model=593s tool=20s steps=40 hits=0 misses=0 saved=0s tokens={'prompt': 437876, 'completion': 6225} patch_chars=8680 err=
django__django-11149 arm=off wall=650s model=598s tool=24s steps=33 hits=0 misses=0 saved=0s tokens={'prompt': 266815, 'completion': 6290} patch_chars=15452 err=
sympy__sympy-13091 arm=off wall=669s model=622s tool=20s steps=40 hits=0 misses=0 saved=0s tokens={'prompt': 319353, 'completion': 6395} patch_chars=792 err=
django__django-10097 arm=off wall=680s model=625s tool=29s steps=40 hits=0 misses=0 saved=0s tokens={'prompt': 277426, 'completion': 6604} patch_chars=20099 err=
django__django-11099 arm=off wall=691s model=648s tool=16s steps=25 hits=0 misses=0 saved=0s tokens={'prompt': 146243, 'completion': 7238} patch_chars=9774 err=
django__django-11149#1 arm=off wall=693s model=657s tool=13s steps=33 hits=0 misses=0 saved=0s tokens={'prompt': 357429, 'completion': 7029} patch_chars=19607 err=
sympy__sympy-12419 arm=off wall=696s model=655s tool=18s steps=40 hits=0 misses=0 saved=0s tokens={'prompt': 398915, 'completion': 6812} patch_chars=11239 err=
pylint-dev__pylint-4661 arm=off wall=720s model=670s tool=25s steps=33 hits=0 misses=0 saved=0s tokens={'prompt': 312663, 'completion': 7031} patch_chars=2383 err=
pydata__xarray-3151 arm=off wall=758s model=702s tool=31s steps=32 hits=0 misses=0 saved=0s tokens={'prompt': 369155, 'completion': 7437} patch_chars=675 err=
psf__requests-1724 arm=off wall=806s model=681s tool=94s steps=40 hits=0 misses=0 saved=0s tokens={'prompt': 603837, 'completion': 7126} patch_chars=9563 err=
django__django-11179#1 arm=off wall=695s model=656s tool=18s steps=31 hits=0 misses=0 saved=0s tokens={'prompt': 352252, 'completion': 5123} patch_chars=8105 err=
pytest-dev__pytest-10081 arm=off wall=838s model=502s tool=318s steps=29 hits=0 misses=0 saved=0s tokens={'prompt': 292391, 'completion': 4167} patch_chars=8215 err=
django__django-10914 arm=off wall=845s model=792s tool=22s steps=40 hits=0 misses=0 saved=0s tokens={'prompt': 297010, 'completion': 8140} patch_chars=7742 err=
django__django-11206 arm=off wall=845s model=789s tool=18s steps=34 hits=0 misses=0 saved=0s tokens={'prompt': 270333, 'completion': 8425} patch_chars=16895 err=
pytest-dev__pytest-5809#1 arm=off wall=352s model=326s tool=13s steps=15 hits=0 misses=0 saved=0s tokens={'prompt': 73931, 'completion': 2310} patch_chars=977 err=
django__django-10880 arm=off wall=892s model=827s tool=26s steps=40 hits=0 misses=0 saved=0s tokens={'prompt': 419489, 'completion': 8355} patch_chars=9623 err=
psf__requests-1142#1 arm=off wall=584s model=548s tool=16s steps=29 hits=0 misses=0 saved=0s tokens={'prompt': 334962, 'completion': 3867} patch_chars=200000 err=
django__django-11119#1 arm=off wall=912s model=860s tool=18s steps=32 hits=0 misses=0 saved=0s tokens={'prompt': 419610, 'completion': 8697} patch_chars=485 err=
django__django-11276 arm=off wall=913s model=849s tool=30s steps=34 hits=0 misses=0 saved=0s tokens={'prompt': 330370, 'completion': 5610} patch_chars=8932 err=
django__django-10914#1 arm=off wall=918s model=875s tool=16s steps=29 hits=0 misses=0 saved=0s tokens={'prompt': 246527, 'completion': 4750} patch_chars=625 err=
django__django-11119 arm=off wall=922s model=850s tool=29s steps=38 hits=0 misses=0 saved=0s tokens={'prompt': 522248, 'completion': 8698} patch_chars=10375 err=
psf__requests-1766#1 arm=off wall=583s model=500s tool=67s steps=23 hits=0 misses=0 saved=0s tokens={'prompt': 231650, 'completion': 3789} patch_chars=454 err=
django__django-11087#1 arm=off wall=948s model=901s tool=18s steps=33 hits=0 misses=0 saved=0s tokens={'prompt': 529170, 'completion': 9722} patch_chars=8961 err=
django__django-11095#1 arm=off wall=949s model=896s tool=21s steps=34 hits=0 misses=0 saved=0s tokens={'prompt': 421172, 'completion': 9222} patch_chars=16509 err=
django__django-10880#1 arm=off wall=971s model=920s tool=17s steps=40 hits=0 misses=0 saved=0s tokens={'prompt': 461085, 'completion': 9171} patch_chars=12019 err=
sphinx-doc__sphinx-10466#1 arm=off wall=485s model=457s tool=14s steps=22 hits=0 misses=0 saved=0s tokens={'prompt': 203466, 'completion': 3300} patch_chars=679 err=
django__django-11239#1 arm=off wall=794s model=748s tool=18s steps=30 hits=0 misses=0 saved=0s tokens={'prompt': 298313, 'completion': 6191} patch_chars=940 err=
pytest-dev__pytest-10051#1 arm=off wall=561s model=521s tool=17s steps=28 hits=0 misses=0 saved=0s tokens={'prompt': 277594, 'completion': 3298} patch_chars=4710 err=
sympy__sympy-13480#1 arm=off wall=409s model=384s tool=12s steps=19 hits=0 misses=0 saved=0s tokens={'prompt': 82668, 'completion': 2582} patch_chars=2787 err=
sphinx-doc__sphinx-10449 arm=off wall=1035s model=990s tool=25s steps=40 hits=0 misses=0 saved=0s tokens={'prompt': 699451, 'completion': 10195} patch_chars=4682 err=
django__django-11206#1 arm=off wall=846s model=799s tool=16s steps=31 hits=0 misses=0 saved=0s tokens={'prompt': 260070, 'completion': 6599} patch_chars=14213 err=
psf__requests-1724#1 arm=off wall=764s model=671s tool=72s steps=36 hits=0 misses=0 saved=0s tokens={'prompt': 321357, 'completion': 4436} patch_chars=566 err=
sympy__sympy-13551 arm=off wall=1114s model=1066s tool=23s steps=40 hits=0 misses=0 saved=0s tokens={'prompt': 536673, 'completion': 11081} patch_chars=11925 err=
sympy__sympy-13372 arm=off wall=1117s model=1070s tool=25s steps=40 hits=0 misses=0 saved=0s tokens={'prompt': 406863, 'completion': 7796} patch_chars=8897 err=
pydata__xarray-3677#1 arm=off wall=696s model=636s tool=35s steps=35 hits=0 misses=0 saved=0s tokens={'prompt': 304848, 'completion': 4158} patch_chars=3613 err=
sphinx-doc__sphinx-10435 arm=off wall=1201s model=1157s tool=22s steps=40 hits=0 misses=0 saved=0s tokens={'prompt': 698915, 'completion': 12710} patch_chars=10484 err=
django__django-11276#1 arm=off wall=902s model=855s tool=14s steps=38 hits=0 misses=0 saved=0s tokens={'prompt': 288907, 'completion': 6640} patch_chars=11021 err=
sympy__sympy-13615 arm=off wall=1210s model=1147s tool=34s steps=40 hits=0 misses=0 saved=0s tokens={'prompt': 549030, 'completion': 8230} patch_chars=2926 err=
django__django-11211#1 arm=off wall=1007s model=961s tool=17s steps=40 hits=0 misses=0 saved=0s tokens={'prompt': 408308, 'completion': 7811} patch_chars=15689 err=
pytest-dev__pytest-5262#1 arm=off wall=743s model=714s tool=16s steps=29 hits=0 misses=0 saved=0s tokens={'prompt': 312484, 'completion': 5448} patch_chars=799 err=
sympy__sympy-12096#1 arm=off wall=673s model=641s tool=16s steps=29 hits=0 misses=0 saved=0s tokens={'prompt': 290711, 'completion': 4885} patch_chars=5153 err=
django__django-11095 arm=off wall=1241s model=1170s tool=29s steps=31 hits=0 misses=0 saved=0s tokens={'prompt': 461589, 'completion': 9095} patch_chars=1071 err=
sympy__sympy-13372#1 arm=off wall=648s model=602s tool=19s steps=27 hits=0 misses=0 saved=0s tokens={'prompt': 217873, 'completion': 4116} patch_chars=1560 err=
django__django-10973#2 arm=off wall=555s model=525s tool=13s steps=20 hits=0 misses=0 saved=0s tokens={'prompt': 119998, 'completion': 3993} patch_chars=2461 err=
django__django-11066#2 arm=off wall=540s model=510s tool=11s steps=21 hits=0 misses=0 saved=0s tokens={'prompt': 130654, 'completion': 3635} patch_chars=10372 err=
django__django-11163 arm=off wall=1271s model=1231s tool=14s steps=25 hits=0 misses=0 saved=0s tokens={'prompt': 310797, 'completion': 7329} patch_chars=16699 err=
pytest-dev__pytest-10081#1 arm=off wall=808s model=468s tool=321s steps=26 hits=0 misses=0 saved=0s tokens={'prompt': 249407, 'completion': 2817} patch_chars=787 err=
pylint-dev__pylint-4661#1 arm=off wall=847s model=799s tool=26s steps=33 hits=0 misses=0 saved=0s tokens={'prompt': 305706, 'completion': 6228} patch_chars=1871 err=
pylint-dev__pylint-4970#1 arm=off wall=848s model=792s tool=26s steps=40 hits=0 misses=0 saved=0s tokens={'prompt': 629155, 'completion': 5255} patch_chars=8441 err=
sympy__sympy-13091#1 arm=off wall=735s model=696s tool=20s steps=29 hits=0 misses=0 saved=0s tokens={'prompt': 202266, 'completion': 5237} patch_chars=9584 err=
sympy__sympy-11618#1 arm=off wall=786s model=754s tool=16s steps=31 hits=0 misses=0 saved=0s tokens={'prompt': 339451, 'completion': 5686} patch_chars=5612 err=
sphinx-doc__sphinx-10323 arm=off wall=1352s model=1302s tool=25s steps=40 hits=0 misses=0 saved=0s tokens={'prompt': 728176, 'completion': 13643} patch_chars=18186 err=
pydata__xarray-3305#1 arm=off wall=939s model=883s tool=37s steps=40 hits=0 misses=0 saved=0s tokens={'prompt': 402614, 'completion': 6468} patch_chars=5663 err=
pylint-dev__pylint-4604#1 arm=off wall=934s model=880s tool=33s steps=40 hits=0 misses=0 saved=0s tokens={'prompt': 596008, 'completion': 6335} patch_chars=4786 err=
pydata__xarray-3151#1 arm=off wall=998s model=924s tool=43s steps=36 hits=0 misses=0 saved=0s tokens={'prompt': 536803, 'completion': 7556} patch_chars=1723 err=
django__django-11099#2 arm=off wall=610s model=573s tool=14s steps=22 hits=0 misses=0 saved=0s tokens={'prompt': 101456, 'completion': 4354} patch_chars=6833 err=
django__django-11265#1 arm=off wall=1171s model=1109s tool=26s steps=40 hits=0 misses=0 saved=0s tokens={'prompt': 592963, 'completion': 5602} patch_chars=1564 err=
django__django-11141#2 arm=off wall=592s model=490s tool=57s steps=25 hits=0 misses=0 saved=0s tokens={'prompt': 166242, 'completion': 3328} patch_chars=777 err=
django__django-10097#2 arm=off wall=779s model=742s tool=14s steps=40 hits=0 misses=0 saved=0s tokens={'prompt': 255094, 'completion': 4345} patch_chars=21677 err=
psf__requests-1766#2 arm=off wall=488s model=436s tool=36s steps=19 hits=0 misses=0 saved=0s tokens={'prompt': 111321, 'completion': 3176} patch_chars=8244 err=
sympy__sympy-13031#1 arm=off wall=878s model=836s tool=21s steps=35 hits=0 misses=0 saved=0s tokens={'prompt': 414393, 'completion': 6194} patch_chars=3353 err=
pytest-dev__pytest-5631#1 arm=off wall=985s model=959s tool=11s steps=29 hits=0 misses=0 saved=0s tokens={'prompt': 303405, 'completion': 8244} patch_chars=15672 err=
pydata__xarray-2905#1 arm=off wall=1150s model=1083s tool=45s steps=40 hits=0 misses=0 saved=0s tokens={'prompt': 421217, 'completion': 5434} patch_chars=9241 err=
django__django-11163#2 arm=off wall=654s model=610s tool=16s steps=27 hits=0 misses=0 saved=0s tokens={'prompt': 192894, 'completion': 4016} patch_chars=8275 err=
sympy__sympy-12419#1 arm=off wall=1005s model=951s tool=32s steps=40 hits=0 misses=0 saved=0s tokens={'prompt': 405768, 'completion': 7058} patch_chars=6218 err=
pydata__xarray-3095#1 arm=off wall=1232s model=1181s tool=33s steps=40 hits=0 misses=0 saved=0s tokens={'prompt': 421264, 'completion': 6704} patch_chars=11631 err=
sympy__sympy-12481#1 arm=off wall=1015s model=988s tool=14s steps=32 hits=0 misses=0 saved=0s tokens={'prompt': 447451, 'completion': 8152} patch_chars=10982 err=
sphinx-doc__sphinx-10435#1 arm=off wall=1101s model=1056s tool=23s steps=40 hits=0 misses=0 saved=0s tokens={'prompt': 527518, 'completion': 8299} patch_chars=4549 err=
django__django-11179#2 arm=off wall=728s model=636s tool=46s steps=28 hits=0 misses=0 saved=0s tokens={'prompt': 332687, 'completion': 4699} patch_chars=9203 err=
django__django-10999#2 arm=off wall=938s model=881s tool=23s steps=32 hits=0 misses=0 saved=0s tokens={'prompt': 399543, 'completion': 6965} patch_chars=9183 err=
psf__requests-1724#2 arm=off wall=693s model=645s tool=28s steps=35 hits=0 misses=0 saved=0s tokens={'prompt': 300289, 'completion': 4006} patch_chars=4407 err=
pytest-dev__pytest-5809#2 arm=off wall=440s model=403s tool=21s steps=19 hits=0 misses=0 saved=0s tokens={'prompt': 113622, 'completion': 2859} patch_chars=5752 err=
django__django-10914#2 arm=off wall=969s model=920s tool=20s steps=31 hits=0 misses=0 saved=0s tokens={'prompt': 248382, 'completion': 7569} patch_chars=8047 err=
psf__requests-1142 arm=off wall=1670s model=1619s tool=19s steps=39 hits=0 misses=0 saved=0s tokens={'prompt': 584084, 'completion': 8595} patch_chars=200000 err=
sphinx-doc__sphinx-10466#2 arm=off wall=430s model=388s tool=24s steps=17 hits=0 misses=0 saved=0s tokens={'prompt': 142929, 'completion': 3194} patch_chars=886 err=
psf__requests-1142#2 arm=off wall=740s model=705s tool=14s steps=27 hits=0 misses=0 saved=0s tokens={'prompt': 305873, 'completion': 5389} patch_chars=200000 err=
pydata__xarray-3677#2 arm=off wall=664s model=611s tool=34s steps=33 hits=0 misses=0 saved=0s tokens={'prompt': 300532, 'completion': 3825} patch_chars=2867 err=
pytest-dev__pytest-5262#2 arm=off wall=509s model=470s tool=22s steps=23 hits=0 misses=0 saved=0s tokens={'prompt': 240055, 'completion': 3626} patch_chars=686 err=
sympy__sympy-13480#2 arm=off wall=380s model=357s tool=10s steps=15 hits=0 misses=0 saved=0s tokens={'prompt': 64406, 'completion': 2891} patch_chars=3232 err=
django__django-11276#2 arm=off wall=776s model=730s tool=20s steps=34 hits=0 misses=0 saved=0s tokens={'prompt': 401074, 'completion': 5122} patch_chars=1518 err=
django__django-11133#2 arm=off wall=897s model=840s tool=21s steps=40 hits=0 misses=0 saved=0s tokens={'prompt': 360849, 'completion': 6236} patch_chars=8129 err=
sympy__sympy-13615#1 arm=off wall=1105s model=1054s tool=25s steps=37 hits=0 misses=0 saved=0s tokens={'prompt': 421018, 'completion': 9057} patch_chars=12185 err=
django__django-11239#2 arm=off wall=842s model=812s tool=10s steps=27 hits=0 misses=0 saved=0s tokens={'prompt': 260981, 'completion': 6751} patch_chars=985 err=
pytest-dev__pytest-10051#2 arm=off wall=647s model=618s tool=13s steps=32 hits=0 misses=0 saved=0s tokens={'prompt': 316671, 'completion': 4374} patch_chars=439 err=
sphinx-doc__sphinx-10323#1 arm=off wall=1248s model=1201s tool=24s steps=39 hits=0 misses=0 saved=0s tokens={'prompt': 731510, 'completion': 10530} patch_chars=2840 err=
pydata__xarray-2905#2 arm=off wall=765s model=688s tool=58s steps=35 hits=0 misses=0 saved=0s tokens={'prompt': 353153, 'completion': 5180} patch_chars=822 err=
sympy__sympy-13372#2 arm=off wall=494s model=464s tool=12s steps=20 hits=0 misses=0 saved=0s tokens={'prompt': 140617, 'completion': 3656} patch_chars=5007 err=
pylint-dev__pylint-4661#2 arm=off wall=682s model=644s tool=20s steps=34 hits=0 misses=0 saved=0s tokens={'prompt': 244968, 'completion': 4553} patch_chars=1350 err=
django__django-11265#2 arm=off wall=868s model=823s tool=20s steps=39 hits=0 misses=0 saved=0s tokens={'prompt': 556027, 'completion': 6099} patch_chars=8829 err=
pydata__xarray-3095#2 arm=off wall=785s model=718s tool=43s steps=40 hits=0 misses=0 saved=0s tokens={'prompt': 536216, 'completion': 5192} patch_chars=711 err=
sympy__sympy-12096#2 arm=off wall=561s model=525s tool=19s steps=31 hits=0 misses=0 saved=0s tokens={'prompt': 326998, 'completion': 4383} patch_chars=6676 err=
pytest-dev__pytest-5631#2 arm=off wall=621s model=588s tool=17s steps=33 hits=0 misses=0 saved=0s tokens={'prompt': 294971, 'completion': 5553} patch_chars=558 err=
pylint-dev__pylint-4604#2 arm=off wall=789s model=729s tool=36s steps=40 hits=0 misses=0 saved=0s tokens={'prompt': 469177, 'completion': 5826} patch_chars=2420 err=
django__django-11087#2 arm=off wall=1069s model=1006s tool=25s steps=29 hits=0 misses=0 saved=0s tokens={'prompt': 454736, 'completion': 9987} patch_chars=10870 err=
pydata__xarray-3305#2 arm=off wall=796s model=751s tool=29s steps=40 hits=0 misses=0 saved=0s tokens={'prompt': 410723, 'completion': 6336} patch_chars=4636 err=
sympy__sympy-13551#1 arm=off wall=1202s model=1143s tool=30s steps=40 hits=0 misses=0 saved=0s tokens={'prompt': 565221, 'completion': 10763} patch_chars=0 err=
sympy__sympy-12481#2 arm=off wall=568s model=533s tool=13s steps=29 hits=0 misses=0 saved=0s tokens={'prompt': 334893, 'completion': 5537} patch_chars=1033 err=
django__django-11149#2 arm=off wall=989s model=952s tool=14s steps=34 hits=0 misses=0 saved=0s tokens={'prompt': 346161, 'completion': 9792} patch_chars=17676 err=
django__django-11119#2 arm=off wall=1015s model=964s tool=20s steps=38 hits=0 misses=0 saved=0s tokens={'prompt': 527166, 'completion': 10006} patch_chars=485 err=
sphinx-doc__sphinx-10449#1 arm=off wall=1332s model=1293s tool=19s steps=40 hits=0 misses=0 saved=0s tokens={'prompt': 646971, 'completion': 9725} patch_chars=14058 err=
django__django-11211#2 arm=off wall=969s model=898s tool=36s steps=40 hits=0 misses=0 saved=0s tokens={'prompt': 500358, 'completion': 9721} patch_chars=15514 err=
sympy__sympy-13091#2 arm=off wall=606s model=560s tool=25s steps=40 hits=0 misses=0 saved=0s tokens={'prompt': 341897, 'completion': 7148} patch_chars=8732 err=
sympy__sympy-11618#2 arm=off wall=680s model=642s tool=18s steps=40 hits=0 misses=0 saved=0s tokens={'prompt': 475388, 'completion': 8528} patch_chars=7129 err=
sympy__sympy-12419#2 arm=off wall=669s model=606s tool=28s steps=40 hits=0 misses=0 saved=0s tokens={'prompt': 452221, 'completion': 7850} patch_chars=17352 err=
sphinx-doc__sphinx-10449#2 arm=off wall=696s model=658s tool=20s steps=40 hits=0 misses=0 saved=0s tokens={'prompt': 701037, 'completion': 9277} patch_chars=18853 err=
django__django-11095#2 arm=off wall=1131s model=1068s tool=23s steps=39 hits=0 misses=0 saved=0s tokens={'prompt': 521718, 'completion': 13391} patch_chars=29740 err=
pydata__xarray-3151#2 arm=off wall=923s model=870s tool=28s steps=40 hits=0 misses=0 saved=0s tokens={'prompt': 534634, 'completion': 11610} patch_chars=12562 err=
sphinx-doc__sphinx-10323#2 arm=off wall=742s model=685s tool=28s steps=39 hits=0 misses=0 saved=0s tokens={'prompt': 693612, 'completion': 9877} patch_chars=2514 err=
django__django-10880#2 arm=off wall=1279s model=1233s tool=21s steps=35 hits=0 misses=0 saved=0s tokens={'prompt': 548598, 'completion': 17255} patch_chars=45830 err=
sphinx-doc__sphinx-10435#2 arm=off wall=740s model=698s tool=25s steps=40 hits=0 misses=0 saved=0s tokens={'prompt': 600439, 'completion': 9967} patch_chars=11666 err=
sympy__sympy-13031#2 arm=off wall=685s model=637s tool=23s steps=40 hits=0 misses=0 saved=0s tokens={'prompt': 359659, 'completion': 10282} patch_chars=15654 err=
sympy__sympy-13615#2 arm=off wall=620s model=567s tool=26s steps=40 hits=0 misses=0 saved=0s tokens={'prompt': 445860, 'completion': 9692} patch_chars=9230 err=
pylint-dev__pylint-4970#2 arm=off wall=869s model=823s tool=23s steps=39 hits=0 misses=0 saved=0s tokens={'prompt': 647111, 'completion': 5562} patch_chars=598 err=
sympy__sympy-13551#2 arm=off wall=641s model=569s tool=33s steps=40 hits=0 misses=0 saved=0s tokens={'prompt': 627216, 'completion': 10278} patch_chars=14311 err=
django__django-11206#2 arm=off wall=1170s model=1131s tool=13s steps=32 hits=0 misses=0 saved=0s tokens={'prompt': 878819, 'completion': 25941} patch_chars=7027 err=
pytest-dev__pytest-10081#2 arm=off wall=1341s model=383s tool=929s steps=40 hits=0 misses=0 saved=0s tokens={'prompt': 463413, 'completion': 6560} patch_chars=4350 err=
spec=off done: 150 tasks in 2475s
