server ready after 109s; arm=off tasks=50 concurrency=8
django__django-11066 arm=off wall=91s model=58s tool=9s steps=22 hits=0 misses=0 saved=0s tokens={'prompt': 150277, 'completion': 4141} patch_chars=4368 err=
django__django-10999 arm=off wall=102s model=60s tool=13s steps=26 hits=0 misses=0 saved=0s tokens={'prompt': 233731, 'completion': 4208} patch_chars=1380 err=
django__django-10914 arm=off wall=107s model=73s tool=12s steps=31 hits=0 misses=0 saved=0s tokens={'prompt': 204461, 'completion': 5070} patch_chars=625 err=
django__django-10097 arm=off wall=115s model=75s tool=14s steps=40 hits=0 misses=0 saved=0s tokens={'prompt': 263927, 'completion': 5235} patch_chars=22734 err=
django__django-11095 arm=off wall=142s model=103s tool=15s steps=37 hits=0 misses=0 saved=0s tokens={'prompt': 414221, 'completion': 7283} patch_chars=13969 err=
django__django-10880 arm=off wall=197s model=142s tool=17s steps=33 hits=0 misses=0 saved=0s tokens={'prompt': 441773, 'completion': 10368} patch_chars=28297 err=
django__django-11141 arm=off wall=101s model=66s tool=12s steps=24 hits=0 misses=0 saved=0s tokens={'prompt': 172918, 'completion': 4767} patch_chars=10884 err=
django__django-10973 arm=off wall=227s model=141s tool=32s steps=40 hits=0 misses=0 saved=0s tokens={'prompt': 463528, 'completion': 9989} patch_chars=6503 err=
django__django-11119 arm=off wall=129s model=87s tool=11s steps=26 hits=0 misses=0 saved=0s tokens={'prompt': 277872, 'completion': 6315} patch_chars=5160 err=
django__django-11099 arm=off wall=144s model=107s tool=13s steps=30 hits=0 misses=0 saved=0s tokens={'prompt': 199309, 'completion': 7963} patch_chars=13866 err=
django__django-11087 arm=off wall=242s model=181s tool=24s steps=40 hits=0 misses=0 saved=0s tokens={'prompt': 664448, 'completion': 13238} patch_chars=10576 err=
django__django-11133 arm=off wall=144s model=69s tool=37s steps=30 hits=0 misses=0 saved=0s tokens={'prompt': 239219, 'completion': 5003} patch_chars=7863 err=
django__django-11163 arm=off wall=105s model=66s tool=16s steps=25 hits=0 misses=0 saved=0s tokens={'prompt': 183968, 'completion': 5145} patch_chars=9182 err=
django__django-11179 arm=off wall=94s model=57s tool=10s steps=24 hits=0 misses=0 saved=0s tokens={'prompt': 211445, 'completion': 4415} patch_chars=9361 err=
django__django-11276 arm=off wall=92s model=45s tool=19s steps=22 hits=0 misses=0 saved=0s tokens={'prompt': 132586, 'completion': 3254} patch_chars=3950 err=
django__django-11239 arm=off wall=131s model=93s tool=14s steps=26 hits=0 misses=0 saved=0s tokens={'prompt': 243613, 'completion': 7127} patch_chars=7268 err=
django__django-11265 arm=off wall=124s model=65s tool=32s steps=37 hits=0 misses=0 saved=0s tokens={'prompt': 433532, 'completion': 4492} patch_chars=7410 err=
django__django-11206 arm=off wall=149s model=91s tool=19s steps=40 hits=0 misses=0 saved=0s tokens={'prompt': 311947, 'completion': 6788} patch_chars=10544 err=
psf__requests-1766 arm=off wall=67s model=43s tool=14s steps=22 hits=0 misses=0 saved=0s tokens={'prompt': 205106, 'completion': 2916} patch_chars=451 err=
psf__requests-1142 arm=off wall=126s model=87s tool=17s steps=32 hits=0 misses=0 saved=0s tokens={'prompt': 435349, 'completion': 6223} patch_chars=200000 err=
django__django-11211 arm=off wall=199s model=139s tool=23s steps=40 hits=0 misses=0 saved=0s tokens={'prompt': 521002, 'completion': 10207} patch_chars=18995 err=
psf__requests-1724 arm=off wall=125s model=77s tool=28s steps=28 hits=0 misses=0 saved=0s tokens={'prompt': 368280, 'completion': 5488} patch_chars=9853 err=
pydata__xarray-3095 arm=off wall=122s model=89s tool=18s steps=40 hits=0 misses=0 saved=0s tokens={'prompt': 448509, 'completion': 6284} patch_chars=12921 err=
pydata__xarray-2905 arm=off wall=150s model=80s tool=44s steps=35 hits=0 misses=0 saved=0s tokens={'prompt': 301780, 'completion': 5018} patch_chars=1232 err=
pydata__xarray-3677 arm=off wall=99s model=54s tool=28s steps=29 hits=0 misses=0 saved=0s tokens={'prompt': 216857, 'completion': 3498} patch_chars=1127 err=
pydata__xarray-3151 arm=off wall=165s model=111s tool=30s steps=40 hits=0 misses=0 saved=0s tokens={'prompt': 587362, 'completion': 6989} patch_chars=7590 err=
pydata__xarray-3305 arm=off wall=131s model=90s tool=23s steps=40 hits=0 misses=0 saved=0s tokens={'prompt': 377515, 'completion': 5613} patch_chars=5684 err=
pylint-dev__pylint-4604 arm=off wall=124s model=74s tool=29s steps=40 hits=0 misses=0 saved=0s tokens={'prompt': 443297, 'completion': 4470} patch_chars=1621 err=
pylint-dev__pylint-4661 arm=off wall=137s model=87s tool=27s steps=33 hits=0 misses=0 saved=0s tokens={'prompt': 293470, 'completion': 5601} patch_chars=2919 err=
pytest-dev__pytest-5809 arm=off wall=51s model=26s tool=14s steps=16 hits=0 misses=0 saved=0s tokens={'prompt': 78590, 'completion': 1895} patch_chars=977 err=
django__django-11149 arm=off wall=473s model=416s tool=25s steps=38 hits=0 misses=0 saved=0s tokens={'prompt': 477451, 'completion': 8855} patch_chars=16548 err=
pytest-dev__pytest-10051 arm=off wall=102s model=59s tool=19s steps=34 hits=0 misses=0 saved=0s tokens={'prompt': 318746, 'completion': 4052} patch_chars=439 err=
pylint-dev__pylint-4970 arm=off wall=159s model=119s tool=20s steps=40 hits=0 misses=0 saved=0s tokens={'prompt': 610066, 'completion': 7925} patch_chars=18917 err=
sphinx-doc__sphinx-10323 arm=off wall=149s model=109s tool=20s steps=31 hits=0 misses=0 saved=0s tokens={'prompt': 459666, 'completion': 7473} patch_chars=2025 err=
pytest-dev__pytest-5262 arm=off wall=189s model=131s tool=35s steps=40 hits=0 misses=0 saved=0s tokens={'prompt': 614323, 'completion': 9125} patch_chars=11484 err=
sympy__sympy-11618 arm=off wall=111s model=75s tool=18s steps=29 hits=0 misses=0 saved=0s tokens={'prompt': 262038, 'completion': 4873} patch_chars=1060 err=
pytest-dev__pytest-5631 arm=off wall=229s model=144s tool=38s steps=38 hits=0 misses=0 saved=0s tokens={'prompt': 459723, 'completion': 9995} patch_chars=20096 err=
sphinx-doc__sphinx-10466 arm=off wall=159s model=113s tool=23s steps=26 hits=0 misses=0 saved=0s tokens={'prompt': 410916, 'completion': 7575} patch_chars=679 err=
sphinx-doc__sphinx-10449 arm=off wall=174s model=135s tool=21s steps=40 hits=0 misses=0 saved=0s tokens={'prompt': 690252, 'completion': 9051} patch_chars=11100 err=
sphinx-doc__sphinx-10435 arm=off wall=207s model=151s tool=28s steps=40 hits=0 misses=0 saved=0s tokens={'prompt': 813626, 'completion': 10234} patch_chars=12470 err=
sympy__sympy-13372 arm=off wall=71s model=46s tool=13s steps=20 hits=0 misses=0 saved=0s tokens={'prompt': 110009, 'completion': 3289} patch_chars=4320 err=
sympy__sympy-13480 arm=off wall=53s model=35s tool=8s steps=16 hits=0 misses=0 saved=0s tokens={'prompt': 63193, 'completion': 2560} patch_chars=2981 err=
sympy__sympy-13031 arm=off wall=102s model=80s tool=13s steps=30 hits=0 misses=0 saved=0s tokens={'prompt': 265823, 'completion': 5728} patch_chars=0 err=
sympy__sympy-12419 arm=off wall=149s model=93s tool=33s steps=40 hits=0 misses=0 saved=0s tokens={'prompt': 481803, 'completion': 6451} patch_chars=3201 err=
sympy__sympy-12481 arm=off wall=126s model=93s tool=17s steps=33 hits=0 misses=0 saved=0s tokens={'prompt': 437947, 'completion': 6692} patch_chars=9987 err=
sympy__sympy-12096 arm=off wall=197s model=87s tool=86s steps=35 hits=0 misses=0 saved=0s tokens={'prompt': 404770, 'completion': 6066} patch_chars=6486 err=
sympy__sympy-13091 arm=off wall=158s model=116s tool=21s steps=40 hits=0 misses=0 saved=0s tokens={'prompt': 397171, 'completion': 8947} patch_chars=11616 err=
pytest-dev__pytest-10081 arm=off wall=443s model=85s tool=328s steps=39 hits=0 misses=0 saved=0s tokens={'prompt': 468649, 'completion': 6703} patch_chars=862 err=
sympy__sympy-13551 arm=off wall=145s model=100s tool=21s steps=40 hits=0 misses=0 saved=0s tokens={'prompt': 392944, 'completion': 9165} patch_chars=9628 err=
sympy__sympy-13615 arm=off wall=167s model=104s tool=29s steps=40 hits=0 misses=0 saved=0s tokens={'prompt': 551305, 'completion': 9810} patch_chars=8519 err=
spec=off done: 50 tasks in 1033s
